git is really a great tool for code manage
ok,i'll add a new line
this is grotian's content
